100
200
300
400
500
600
100
100
200
300
400
500
600
100
200
300
400
500
600
100
200
300
400
500
600
100
100
200
300
400
500
600
100
200
300
400
500
600
[DEBUG]	test

[TRACE]	test

[Info]	test

[WARN]	Engine\Plugins\log.cc\test\main.cpp:28:11 [int __cdecl func(void)]: test

[ERROR]	Engine\Plugins\log.cc\test\main.cpp:29:11 [int __cdecl func(void)]: test

[FATAL]	Engine\Plugins\log.cc\test\main.cpp:30:11 [int __cdecl func(void)]: test

[DEBUG]	test 1

[DEBUG]	test 2 1

[TRACE]	test 2 2

[Info]	test 2 3

[WARN]	Engine\Plugins\log.cc\test\main.cpp:37:11 [int __cdecl func(void)]: test 2 4

[ERROR]	Engine\Plugins\log.cc\test\main.cpp:38:11 [int __cdecl func(void)]: test 2 5

[FATAL]	Engine\Plugins\log.cc\test\main.cpp:39:11 [int __cdecl func(void)]: test 2 6

[Debug] category-formattertest 3

[Trace] category-formattertest 3

[Info] category-formattertest 3

[Warn]	category-formatter	Engine\Plugins\log.cc\test\main.cpp:52:12 [int __cdecl func(void)]: test 3

[Error]	category-formatter	Engine\Plugins\log.cc\test\main.cpp:53:12 [int __cdecl func(void)]: test 3

[Fatal]	category-formatter	Engine\Plugins\log.cc\test\main.cpp:54:12 [int __cdecl func(void)]: test 3

[DEBUG]	test
[TRACE]	test
[Info]	test
[WARN]	Engine\Plugins\log.cc\test\main.cpp:28:11 [int __cdecl func(void)]: test
[ERROR]	Engine\Plugins\log.cc\test\main.cpp:29:11 [int __cdecl func(void)]: test
[FATAL]	Engine\Plugins\log.cc\test\main.cpp:30:11 [int __cdecl func(void)]: test
[DEBUG]	test 1
[DEBUG]	test 2 1
[TRACE]	test 2 2
[Info]	test 2 3
[WARN]	Engine\Plugins\log.cc\test\main.cpp:37:11 [int __cdecl func(void)]: test 2 4
[ERROR]	Engine\Plugins\log.cc\test\main.cpp:38:11 [int __cdecl func(void)]: test 2 5
[FATAL]	Engine\Plugins\log.cc\test\main.cpp:39:11 [int __cdecl func(void)]: test 2 6
[Debug] category-formattertest 3
[Trace] category-formattertest 3
[Info] category-formattertest 3
[Warn]	category-formatter	Engine\Plugins\log.cc\test\main.cpp:52:12 [int __cdecl func(void)]: test 3
[Error]	category-formatter	Engine\Plugins\log.cc\test\main.cpp:53:12 [int __cdecl func(void)]: test 3
[Fatal]	category-formatter	Engine\Plugins\log.cc\test\main.cpp:54:12 [int __cdecl func(void)]: test 3
